ASxxxx Linker V03.00 + NoICE + sdld,  page 1.
Hexadecimal  [32-Bits]

Area                                    Addr        Size        Decimal Bytes (Attributes)
--------------------------------        ----        ----        ------- ----- ------------
CABS                                00000000    00000000 =           0. bytes (ABS,CON,CODE)

      Value  Global                              Global Defined In Module
      -----  --------------------------------   ------------------------
C:   00000000  l_BSEG                          
C:   00000000  l_BSEG_BYTES                    
C:   00000000  l_CABS                          
C:   00000000  l_GSINIT                        
C:   00000000  l_GSINIT1                       
C:   00000000  l_GSINIT5                       
C:   00000000  l_IABS                          
C:   00000000  l_ISEG                          
C:   00000000  l_PSEG                          
C:   00000000  l_REG_BANK_1                    
C:   00000000  l_REG_BANK_2                    
C:   00000000  l_REG_BANK_3                    
C:   00000000  l_RSEG                          
C:   00000000  l_RSEG0                         
C:   00000000  l_RSEG1                         
C:   00000000  l_XABS                          
C:   00000000  l__CODE                         
C:   00000000  s_BSEG                          
C:   00000000  s_CABS                          
C:   00000000  s_DSEG                          
C:   00000000  s_HOME                          
C:   00000000  s_IABS                          
C:   00000000  s_ISEG                          
C:   00000000  s_REG_BANK_0                    
C:   00000000  s_RSEG                          
C:   00000000  s_RSEG0                         
C:   00000000  s_RSEG1                         
C:   00000000  s_XABS                          
C:   00000001  l_BIT_BANK                      
C:   00000001  l_XINIT                         
C:   00000001  l_XISEG                         
C:   00000003  l_GSFINAL                       
C:   00000003  l_GSINIT0                       
C:   00000008  l_REG_BANK_0                    
C:   00000008  s_REG_BANK_1                    
C:   00000009  l_OSEG                          
C:   0000000A  l_GSINIT2                       
C:   00000010  s_REG_BANK_2                    
C:   00000018  s_REG_BANK_3                    
C:   00000020  s_BIT_BANK                      
C:   00000020  s_BSEG_BYTES                    
C:   00000020  s__CODE                         
C:   00000022  l_GSINIT3                       
C:   0000002A  l_GSINIT4                       
C:   00000036  s_OSEG                          
C:   0000003F  s_SSEG                          
C:   00000079  l_DSEG                          
C:   00000081  l_CONST                         
C:   000000B7  l_HOME                          
C:   000000B7  s_GSINIT0                       
ASxxxx Linker V03.00 + NoICE + sdld,  page 2.
Hexadecimal  [32-Bits]

Area                                    Addr        Size        Decimal Bytes (Attributes)
--------------------------------        ----        ----        ------- ----- ------------
CABS                                00000000    00000000 =           0. bytes (ABS,CON,CODE)

      Value  Global                              Global Defined In Module
      -----  --------------------------------   ------------------------
C:   000000BA  s_GSINIT1                       
C:   000000BA  s_GSINIT2                       
C:   000000C1  l_SSEG                          
C:   000000C4  s_GSINIT3                       
C:   000000E6  s_GSINIT4                       
C:   00000100  l_IRAM                          
C:   00000110  s_GSFINAL                       
C:   00000110  s_GSINIT                        
C:   00000110  s_GSINIT5                       
C:   00000113  s_CSEG                          
C:   0000028D  l_XSEG                          
C:   00001EC3  l_CSEG                          
C:   00001FD6  s_CONST                         
C:   00002057  s_XINIT                         
C:   0000F000  s_PSEG                          
C:   0000F000  s_XSEG                          
C:   0000F28D  s_XISEG                         

ASxxxx Linker V03.00 + NoICE + sdld,  page 3.
Hexadecimal  [32-Bits]

Area                                    Addr        Size        Decimal Bytes (Attributes)
--------------------------------        ----        ----        ------- ----- ------------
.  .ABS.                            00000000    00000000 =           0. bytes (ABS,CON)

      Value  Global                              Global Defined In Module
      -----  --------------------------------   ------------------------
     00000000  .__.ABS.                           _startup
     00000080  _P0                                noprint
     00000080  _P0_0                              noprint
     00000081  _P0_1                              noprint
     00000081  _SP                                noprint
     00000082  _DPL0                              noprint
     00000082  _P0_2                              noprint
     00000083  _DPH0                              noprint
     00000083  _P0_3                              noprint
     00000084  _DPL1                              noprint
     00000084  _P0_4                              noprint
     00000085  _DPH1                              noprint
     00000085  _P0_5                              noprint
     00000086  _P0_6                              noprint
     00000086  _U0CSR                             noprint
     00000087  _P0_7                              noprint
     00000087  _PCON                              noprint
     00000088  _IT0                               noprint
     00000088  _TCON                              noprint
     00000089  _P0IFG                             noprint
     00000089  _RFTXRXIF                          noprint
     0000008A  _IT1                               noprint
     0000008A  _P1IFG                             noprint
     0000008B  _P2IFG                             noprint
     0000008B  _URX0IF                            noprint
     0000008C  _PICTL                             noprint
     0000008D  _ADCIF                             noprint
     0000008D  _P1IEN                             noprint
     0000008E  __SFR8E                            noprint
     0000008F  _P0INP                             noprint
     0000008F  _URX1IF                            noprint
     00000090  _P1                                noprint
     00000090  _P1_0                              noprint
     00000091  _P1_1                              noprint
     00000091  _RFIM                              noprint
     00000092  _DPS                               noprint
     00000092  _P1_2                              noprint
     00000093  _MPAGE                             noprint
     00000093  _P1_3                              noprint
     00000093  __XPAGE                            noprint
     00000094  _P1_4                              noprint
     00000094  __SFR94                            noprint
     00000095  _P1_5                              noprint
     00000095  __SFR95                            noprint
     00000096  _P1_6                              noprint
     00000096  __SFR96                            noprint
     00000097  _P1_7                              noprint
     00000097  __SFR97                            noprint
     00000098  _ENCIF_0                           noprint
     00000098  _S0CON                             noprint
ASxxxx Linker V03.00 + NoICE + sdld,  page 4.
Hexadecimal  [32-Bits]

Area                                    Addr        Size        Decimal Bytes (Attributes)
--------------------------------        ----        ----        ------- ----- ------------
.  .ABS.                            00000000    00000000 =           0. bytes (ABS,CON)

      Value  Global                              Global Defined In Module
      -----  --------------------------------   ------------------------
     00000099  _ENCIF_1                           noprint
     00000099  __SFR99                            noprint
     0000009A  _IEN2                              noprint
     0000009B  _S1CON                             noprint
     0000009C  _T2CT                              noprint
     0000009D  _T2PR                              noprint
     0000009E  _T2CTL                             noprint
     0000009F  __SFR9F                            noprint
     000000A0  _P2                                noprint
     000000A0  _P2_0                              noprint
     000000A1  _P2_1                              noprint
     000000A1  _WORIRQ                            noprint
     000000A2  _P2_2                              noprint
     000000A2  _WORCTRL                           noprint
     000000A3  _P2_3                              noprint
     000000A3  _WOREVT0                           noprint
     000000A4  _P2_4                              noprint
     000000A4  _WOREVT1                           noprint
     000000A5  _P2_5                              noprint
     000000A5  _WORTIME0                          noprint
     000000A6  _P2_6                              noprint
     000000A6  _WORTIME1                          noprint
     000000A7  _P2_7                              noprint
     000000A7  __SFRA7                            noprint
     000000A8  _IEN0                              noprint
     000000A8  _RFTXRXIE                          noprint
     000000A9  _ADCIE                             noprint
     000000A9  _IP0                               noprint
     000000AA  _URX0IE                            noprint
     000000AA  __SFRAA                            noprint
     000000AB  _FWT                               noprint
     000000AB  _URX1IE                            noprint
     000000AC  _ENCIE                             noprint
     000000AC  _FADDRL                            noprint
     000000AD  _FADDRH                            noprint
     000000AD  _STIE                              noprint
     000000AE  _FCTL                              noprint
     000000AF  _EA                                noprint
     000000AF  _FWDATA                            noprint
     000000B0  __SFRB0                            noprint
     000000B1  _ENCDI                             noprint
     000000B2  _ENCDO                             noprint
     000000B3  _ENCCS                             noprint
     000000B4  _ADCCON1                           noprint
     000000B5  _ADCCON2                           noprint
     000000B6  _ADCCON3                           noprint
     000000B7  __SFRB7                            noprint
     000000B8  _DMAIE                             noprint
     000000B8  _IEN1                              noprint
     000000B9  _IP1                               noprint
     000000B9  _T1IE                              noprint
ASxxxx Linker V03.00 + NoICE + sdld,  page 5.
Hexadecimal  [32-Bits]

Area                                    Addr        Size        Decimal Bytes (Attributes)
--------------------------------        ----        ----        ------- ----- ------------
.  .ABS.                            00000000    00000000 =           0. bytes (ABS,CON)

      Value  Global                              Global Defined In Module
      -----  --------------------------------   ------------------------
     000000BA  _ADCL                              noprint
     000000BA  _T2IE                              noprint
     000000BB  _ADCH                              noprint
     000000BB  _T3IE                              noprint
     000000BC  _RNDL                              noprint
     000000BC  _T4IE                              noprint
     000000BD  _P0IE                              noprint
     000000BD  _RNDH                              noprint
     000000BE  _SLEEP                             noprint
     000000BF  __SFRBF                            noprint
     000000C0  _DMAIF                             noprint
     000000C0  _IRCON                             noprint
     000000C1  _T1IF                              noprint
     000000C1  _U0DBUF                            noprint
     000000C2  _T2IF                              noprint
     000000C2  _U0BAUD                            noprint
     000000C3  _T3IF                              noprint
     000000C3  __SFRC3                            noprint
     000000C4  _T4IF                              noprint
     000000C4  _U0UCR                             noprint
     000000C5  _P0IF                              noprint
     000000C5  _U0GCR                             noprint
     000000C6  _CLKCON                            noprint
     000000C7  _MEMCTR                            noprint
     000000C7  _STIF                              noprint
     000000C8  __SFRC8                            noprint
     000000C9  _WDCTL                             noprint
     000000CA  _T3CNT                             noprint
     000000CB  _T3CTL                             noprint
     000000CC  _T3CCTL0                           noprint
     000000CD  _T3CC0                             noprint
     000000CE  _T3CCTL1                           noprint
     000000CF  _T3CC1                             noprint
     000000D0  _P                                 noprint
     000000D0  _PSW                               noprint
     000000D1  _DMAIRQ                            noprint
     000000D1  _F1                                noprint
     000000D2  _DMA1CFGL                          noprint
     000000D2  _OV                                noprint
     000000D3  _DMA1CFGH                          noprint
     000000D3  _RS0                               noprint
     000000D4  _DMA0CFGL                          noprint
     000000D4  _RS1                               noprint
     000000D5  _DMA0CFGH                          noprint
     000000D5  _F0                                noprint
     000000D6  _AC                                noprint
     000000D6  _DMAARM                            noprint
     000000D7  _CY                                noprint
     000000D7  _DMAREQ                            noprint
     000000D8  _T3OVFIF                           noprint
     000000D8  _TIMIF                             noprint
ASxxxx Linker V03.00 + NoICE + sdld,  page 6.
Hexadecimal  [32-Bits]

Area                                    Addr        Size        Decimal Bytes (Attributes)
--------------------------------        ----        ----        ------- ----- ------------
.  .ABS.                            00000000    00000000 =           0. bytes (ABS,CON)

      Value  Global                              Global Defined In Module
      -----  --------------------------------   ------------------------
     000000D9  _RFD                               noprint
     000000D9  _T3CH0IF                           noprint
     000000DA  _T1CC0L                            noprint
     000000DA  _T3CH1IF                           noprint
     000000DB  _T1CC0H                            noprint
     000000DB  _T4OVFIF                           noprint
     000000DC  _T1CC1L                            noprint
     000000DC  _T4CH0IF                           noprint
     000000DD  _T1CC1H                            noprint
     000000DD  _T4CH1IF                           noprint
     000000DE  _OVFIM                             noprint
     000000DE  _T1CC2L                            noprint
     000000DF  _T1CC2H                            noprint
     000000E0  _ACC                               noprint
     000000E0  _ACC_0                             noprint
     000000E1  _ACC_1                             noprint
     000000E1  _RFST                              noprint
     000000E2  _ACC_2                             noprint
     000000E2  _T1CNTL                            noprint
     000000E3  _ACC_3                             noprint
     000000E3  _T1CNTH                            noprint
     000000E4  _ACC_4                             noprint
     000000E4  _T1CTL                             noprint
     000000E5  _ACC_5                             noprint
     000000E5  _T1CCTL0                           noprint
     000000E6  _ACC_6                             noprint
     000000E6  _T1CCTL1                           noprint
     000000E7  _ACC_7                             noprint
     000000E7  _T1CCTL2                           noprint
     000000E8  _IRCON2                            noprint
     000000E8  _P2IF                              noprint
     000000E9  _RFIF                              noprint
     000000E9  _UTX0IF                            noprint
     000000EA  _T4CNT                             noprint
     000000EA  _UTX1IF                            noprint
     000000EB  _P1IF                              noprint
     000000EB  _T4CTL                             noprint
     000000EC  _T4CCTL0                           noprint
     000000EC  _WDTIF                             noprint
     000000ED  _T4CC0                             noprint
     000000EE  _T4CCTL1                           noprint
     000000EF  _T4CC1                             noprint
     000000F0  _B                                 noprint
     000000F0  _B_0                               noprint
     000000F1  _B_1                               noprint
     000000F1  _PERCFG                            noprint
     000000F2  _ADCCFG                            noprint
     000000F2  _B_2                               noprint
     000000F3  _B_3                               noprint
     000000F3  _P0SEL                             noprint
     000000F4  _B_4                               noprint
ASxxxx Linker V03.00 + NoICE + sdld,  page 7.
Hexadecimal  [32-Bits]

Area                                    Addr        Size        Decimal Bytes (Attributes)
--------------------------------        ----        ----        ------- ----- ------------
.  .ABS.                            00000000    00000000 =           0. bytes (ABS,CON)

      Value  Global                              Global Defined In Module
      -----  --------------------------------   ------------------------
     000000F4  _P1SEL                             noprint
     000000F5  _B_5                               _gptrget
     000000F5  _P2SEL                             noprint
     000000F6  _B_6                               _gptrget
     000000F6  _P1INP                             noprint
     000000F7  _B_7                               _gptrget
     000000F7  _P2INP                             noprint
     000000F8  _ACTIVE                            noprint
     000000F8  _U1CSR                             noprint
     000000F9  _TX_BYTE                           noprint
     000000F9  _U1DBUF                            noprint
     000000FA  _RX_BYTE                           noprint
     000000FA  _U1BAUD                            noprint
     000000FB  _ERR                               noprint
     000000FB  _U1UCR                             noprint
     000000FC  _FE                                noprint
     000000FC  _U1GCR                             noprint
     000000FD  _P0DIR                             noprint
     000000FD  _SLAVE                             noprint
     000000FE  _P1DIR                             noprint
     000000FE  _RE                                noprint
     000000FF  _MODE                              noprint
     000000FF  _P2DIR                             noprint
     0000DF00  _SYNC1                             noprint
     0000DF01  _SYNC0                             noprint
     0000DF02  _MDMCTRL0H                         noprint
     0000DF02  _PKTLEN                            noprint
     0000DF03  _PKTCTRL1                          noprint
     0000DF04  _PKTCTRL0                          noprint
     0000DF05  _ADDR                              noprint
     0000DF06  _CHANNR                            noprint
     0000DF07  _FSCTRL1                           noprint
     0000DF08  _FSCTRL0                           noprint
     0000DF09  _FREQ2                             noprint
     0000DF0A  _FREQ1                             noprint
     0000DF0B  _FREQ0                             noprint
     0000DF0C  _MDMCFG4                           noprint
     0000DF0D  _MDMCFG3                           noprint
     0000DF0E  _MDMCFG2                           noprint
     0000DF0F  _MDMCFG1                           noprint
     0000DF10  _MDMCFG0                           noprint
     0000DF11  _DEVIATN                           noprint
     0000DF12  _MCSM2                             noprint
     0000DF13  _MCSM1                             noprint
     0000DF14  _MCSM0                             noprint
     0000DF15  _FOCCFG                            noprint
     0000DF16  _BSCFG                             noprint
     0000DF17  _AGCCTRL2                          noprint
     0000DF18  _AGCCTRL1                          noprint
     0000DF19  _AGCCTRL0                          noprint
     0000DF1A  _FREND1                            noprint
ASxxxx Linker V03.00 + NoICE + sdld,  page 8.
Hexadecimal  [32-Bits]

Area                                    Addr        Size        Decimal Bytes (Attributes)
--------------------------------        ----        ----        ------- ----- ------------
.  .ABS.                            00000000    00000000 =           0. bytes (ABS,CON)

      Value  Global                              Global Defined In Module
      -----  --------------------------------   ------------------------
     0000DF1B  _FREND0                            noprint
     0000DF1C  _FSCAL3                            noprint
     0000DF1D  _FSCAL2                            noprint
     0000DF1E  _FSCAL1                            noprint
     0000DF1F  _FSCAL0                            noprint
     0000DF20  __XREGDF20                         noprint
     0000DF21  __XREGDF21                         noprint
     0000DF22  __XREGDF22                         noprint
     0000DF23  _TEST2                             noprint
     0000DF24  _TEST1                             noprint
     0000DF25  _TEST0                             noprint
     0000DF26  __XREGDF26                         noprint
     0000DF27  _PA_TABLE7                         noprint
     0000DF28  _PA_TABLE6                         noprint
     0000DF29  _PA_TABLE5                         noprint
     0000DF2A  _PA_TABLE4                         noprint
     0000DF2B  _PA_TABLE3                         noprint
     0000DF2C  _PA_TABLE2                         noprint
     0000DF2D  _PA_TABLE1                         noprint
     0000DF2E  _PA_TABLE0                         noprint
     0000DF2F  _IOCFG2                            noprint
     0000DF30  _IOCFG1                            noprint
     0000DF31  _IOCFG0                            noprint
     0000DF32  __XREGDF32                         noprint
     0000DF33  __XREGDF33                         noprint
     0000DF34  __XREGDF34                         noprint
     0000DF35  __XREGDF35                         noprint
     0000DF36  _PARTNUM                           noprint
     0000DF37  _VERSION                           noprint
     0000DF38  _FREQEST                           noprint
     0000DF39  _LQI                               noprint
     0000DF3A  _RSSI                              noprint
     0000DF3B  _MARCSTATE                         noprint
     0000DF3C  _PKTSTATUS                         noprint
     0000DF3D  _VCO_VC_DAC                        noprint
     0000DF40  _I2SCFG0                           noprint
     0000DF41  _I2SCFG1                           noprint
     0000DF42  _I2SDATL                           noprint
     0000DF43  _I2SDATH                           noprint
     0000DF44  _I2SWCNT                           noprint
     0000DF45  _I2SSTAT                           noprint
     0000DF46  _I2SCLKF0                          noprint
     0000DF47  _I2SCLKF1                          noprint
     0000DF48  _I2SCLKF2                          noprint
     0000DF80  __NA_P0                            noprint
     0000DF81  __NA_SP                            noprint
     0000DF82  __NA_DPL0                          noprint
     0000DF83  __NA_DPH0                          noprint
     0000DF84  __NA_DPL1                          noprint
     0000DF85  __NA_DPH1                          noprint
     0000DF86  _X_U0CSR                           noprint
ASxxxx Linker V03.00 + NoICE + sdld,  page 9.
Hexadecimal  [32-Bits]

Area                                    Addr        Size        Decimal Bytes (Attributes)
--------------------------------        ----        ----        ------- ----- ------------
.  .ABS.                            00000000    00000000 =           0. bytes (ABS,CON)

      Value  Global                              Global Defined In Module
      -----  --------------------------------   ------------------------
     0000DF87  __NA_PCON                          noprint
     0000DF88  __NA_TCON                          noprint
     0000DF89  _X_P0IFG                           noprint
     0000DF8A  _X_P1IFG                           noprint
     0000DF8B  _X_P2IFG                           noprint
     0000DF8C  _X_PICTL                           noprint
     0000DF8D  _X_P1IEN                           noprint
     0000DF8E  __X_SFR8E                          noprint
     0000DF8F  _X_P0INP                           noprint
     0000DF90  __NA_P1                            noprint
     0000DF91  _X_RFIM                            noprint
     0000DF92  __NA_DPS                           noprint
     0000DF93  _X_MPAGE                           noprint
     0000DF94  __X_SFR94                          noprint
     0000DF95  __X_SFR95                          noprint
     0000DF96  __X_SFR96                          noprint
     0000DF97  __X_SFR97                          noprint
     0000DF98  __NA_S0CON                         noprint
     0000DF99  __X_SFR99                          noprint
     0000DF9A  __NA_IEN2                          noprint
     0000DF9B  __NA_S1CON                         noprint
     0000DF9C  _X_T2CT                            noprint
     0000DF9D  _X_T2PR                            noprint
     0000DF9E  _X_T2CTL                           noprint
     0000DF9F  __X_SFR9F                          noprint
     0000DFA0  __NA_P2                            noprint
     0000DFA1  _X_WORIRQ                          noprint
     0000DFA2  _X_WORCTRL                         noprint
     0000DFA3  _X_WOREVT0                         noprint
     0000DFA4  _X_WOREVT1                         noprint
     0000DFA5  _X_WORTIME0                        noprint
     0000DFA6  _X_WORTIME1                        noprint
     0000DFA7  __X_SFRA7                          noprint
     0000DFA8  __NA_IEN0                          noprint
     0000DFA9  __NA_IP0                           noprint
     0000DFAA  __X_SFRAA                          noprint
     0000DFAB  _X_FWT                             noprint
     0000DFAC  _X_FADDRL                          noprint
     0000DFAD  _X_FADDRH                          noprint
     0000DFAE  _X_FCTL                            noprint
     0000DFAF  _X_FWDATA                          noprint
     0000DFB0  __X_SFRB0                          noprint
     0000DFB1  _X_ENCDI                           noprint
     0000DFB2  _X_ENCDO                           noprint
     0000DFB3  _X_ENCCS                           noprint
     0000DFB4  _X_ADCCON1                         noprint
     0000DFB5  _X_ADCCON2                         noprint
     0000DFB6  _X_ADCCON3                         noprint
     0000DFB7  __X_SFRB7                          noprint
     0000DFB8  __NA_IEN1                          noprint
     0000DFB9  __NA_IP1                           noprint
ASxxxx Linker V03.00 + NoICE + sdld,  page 10.
Hexadecimal  [32-Bits]

Area                                    Addr        Size        Decimal Bytes (Attributes)
--------------------------------        ----        ----        ------- ----- ------------
.  .ABS.                            00000000    00000000 =           0. bytes (ABS,CON)

      Value  Global                              Global Defined In Module
      -----  --------------------------------   ------------------------
     0000DFBA  _X_ADCL                            noprint
     0000DFBB  _X_ADCH                            noprint
     0000DFBC  _X_RNDL                            noprint
     0000DFBD  _X_RNDH                            noprint
     0000DFBE  _X_SLEEP                           noprint
     0000DFBF  __X_SFRBF                          noprint
     0000DFC0  __NA_IRCON                         noprint
     0000DFC1  _X_U0DBUF                          noprint
     0000DFC2  _X_U0BAUD                          noprint
     0000DFC3  __X_SFRC3                          noprint
     0000DFC4  _X_U0UCR                           noprint
     0000DFC5  _X_U0GCR                           noprint
     0000DFC6  _X_CLKCON                          noprint
     0000DFC7  _X_MEMCTR                          noprint
     0000DFC8  __X_SFRC8                          noprint
     0000DFC9  _X_WDCTL                           noprint
     0000DFCA  _X_T3CNT                           noprint
     0000DFCB  _X_T3CTL                           noprint
     0000DFCC  _X_T3CCTL0                         noprint
     0000DFCD  _X_T3CC0                           noprint
     0000DFCE  _X_T3CCTL1                         noprint
     0000DFCF  _X_T3CC1                           noprint
     0000DFD0  __NA_PSW                           noprint
     0000DFD1  _X_DMAIRQ                          noprint
     0000DFD2  _X_DMA1CFGL                        noprint
     0000DFD3  _X_DMA1CFGH                        noprint
     0000DFD4  _X_DMA0CFGL                        noprint
     0000DFD5  _X_DMA0CFGH                        noprint
     0000DFD6  _X_DMAARM                          noprint
     0000DFD7  _X_DMAREQ                          noprint
     0000DFD8  _X_TIMIF                           noprint
     0000DFD9  _X_RFD                             noprint
     0000DFDA  _X_T1CC0L                          noprint
     0000DFDB  _X_T1CC0H                          noprint
     0000DFDC  _X_T1CC1L                          noprint
     0000DFDD  _X_T1CC1H                          noprint
     0000DFDE  _X_T1CC2L                          noprint
     0000DFDF  _X_T1CC2H                          noprint
     0000DFE0  __NA_ACC                           noprint
     0000DFE1  _X_RFST                            noprint
     0000DFE2  _X_T1CNTL                          noprint
     0000DFE3  _X_T1CNTH                          noprint
     0000DFE4  _X_T1CTL                           noprint
     0000DFE5  _X_T1CCTL0                         noprint
     0000DFE6  _X_T1CCTL1                         noprint
     0000DFE7  _X_T1CCTL2                         noprint
     0000DFE8  __NA_IRCON2                        noprint
     0000DFE9  _X_RFIF                            noprint
     0000DFEA  _X_T4CNT                           noprint
     0000DFEB  _X_T4CTL                           noprint
     0000DFEC  _X_T4CCTL0                         noprint
ASxxxx Linker V03.00 + NoICE + sdld,  page 11.
Hexadecimal  [32-Bits]

Area                                    Addr        Size        Decimal Bytes (Attributes)
--------------------------------        ----        ----        ------- ----- ------------
.  .ABS.                            00000000    00000000 =           0. bytes (ABS,CON)

      Value  Global                              Global Defined In Module
      -----  --------------------------------   ------------------------
     0000DFED  _X_T4CC0                           noprint
     0000DFEE  _X_T4CCTL1                         noprint
     0000DFEF  _X_T4CC1                           noprint
     0000DFF0  __NA_B                             noprint
     0000DFF1  _X_PERCFG                          noprint
     0000DFF2  _X_ADCCFG                          noprint
     0000DFF3  _X_P0SEL                           noprint
     0000DFF4  _X_P1SEL                           noprint
     0000DFF5  _X_P2SEL                           noprint
     0000DFF6  _X_P1INP                           noprint
     0000DFF7  _X_P2INP                           noprint
     0000DFF8  _X_U1CSR                           noprint
     0000DFF9  _X_U1DBUF                          noprint
     0000DFFA  _X_U1BAUD                          noprint
     0000DFFB  _X_U1UCR                           noprint
     0000DFFC  _X_U1GCR                           noprint
     0000DFFD  _X_P0DIR                           noprint
     0000DFFE  _X_P1DIR                           noprint
     0000DFFF  _X_P2DIR                           noprint
ASxxxx Linker V03.00 + NoICE + sdld,  page 12.
Hexadecimal  [32-Bits]

Area                                    Addr        Size        Decimal Bytes (Attributes)
--------------------------------        ----        ----        ------- ----- ------------
REG_BANK_0                          00000000    00000008 =           8. bytes (REL,OVR)

      Value  Global                              Global Defined In Module
      -----  --------------------------------   ------------------------
ASxxxx Linker V03.00 + NoICE + sdld,  page 13.
Hexadecimal  [32-Bits]

Area                                    Addr        Size        Decimal Bytes (Attributes)
--------------------------------        ----        ----        ------- ----- ------------
BIT_BANK                            00000020    00000001 =           1. bytes (REL,OVR)

      Value  Global                              Global Defined In Module
      -----  --------------------------------   ------------------------
ASxxxx Linker V03.00 + NoICE + sdld,  page 14.
Hexadecimal  [32-Bits]

Area                                    Addr        Size        Decimal Bytes (Attributes)
--------------------------------        ----        ----        ------- ----- ------------
DSEG                                00000000    00000079 =         121. bytes (REL,CON)

      Value  Global                              Global Defined In Module
      -----  --------------------------------   ------------------------
     00000018  _bp                                _bp

ASxxxx Linker V03.00 + NoICE + sdld,  page 15.
Hexadecimal  [32-Bits]

Area                                    Addr        Size        Decimal Bytes (Attributes)
--------------------------------        ----        ----        ------- ----- ------------
OSEG                                00000036    00000009 =           9. bytes (REL,OVR)

      Value  Global                              Global Defined In Module
      -----  --------------------------------   ------------------------
ASxxxx Linker V03.00 + NoICE + sdld,  page 16.
Hexadecimal  [32-Bits]

Area                                    Addr        Size        Decimal Bytes (Attributes)
--------------------------------        ----        ----        ------- ----- ------------
SSEG                                0000003F    000000C1 =         193. bytes (REL,OVR)

      Value  Global                              Global Defined In Module
      -----  --------------------------------   ------------------------
     0000003F  __start__stack                     main

ASxxxx Linker V03.00 + NoICE + sdld,  page 17.
Hexadecimal  [32-Bits]

Area                                    Addr        Size        Decimal Bytes (Attributes)
--------------------------------        ----        ----        ------- ----- ------------
XSEG                                0000F000    0000028D =         653. bytes (REL,CON,XDATA)

      Value  Global                              Global Defined In Module
      -----  --------------------------------   ------------------------
D:   0000F000  _flag                              main
D:   0000F001  _rxcall                            main
D:   0000F059  _txcall                            main
D:   0000F168  _rfrxbuf                           rf
D:   0000F1B7  _rftxbuf                           rf
D:   0000F219  _call_PARM_2                       call
D:   0000F21C  _call_PARM_3                       call
D:   0000F21F  _call_PARM_4                       call
D:   0000F225  _callrx_PARM_2                     callrx
D:   0000F228  _callrx_PARM_3                     callrx
D:   0000F22B  _callrx_PARM_4                     callrx
D:   0000F231  _calltx_PARM_2                     calltx
D:   0000F234  _calltx_PARM_3                     calltx
D:   0000F237  _calltx_PARM_4                     calltx
D:   0000F23D  _calltxrx_PARM_2                   calltxrx
D:   0000F240  _calltxrx_PARM_3                   calltxrx
D:   0000F243  _calltxrx_PARM_4                   calltxrx
D:   0000F249  _callping_PARM_2                   callping
D:   0000F24C  _callping_PARM_3                   callping
D:   0000F24F  _callping_PARM_4                   callping
D:   0000F255  _stuff_PARM_2                      cobs
D:   0000F25D  _unstuff_PARM_2                    cobs
D:   0000F260  _unstuff_PARM_3                    cobs
D:   0000F265  _convM2R_PARM_2                    conv
D:   0000F266  _convM2R_PARM_3                    conv
D:   0000F26D  _convR2M_PARM_2                    conv
D:   0000F270  _convR2M_PARM_3                    conv
D:   0000F27C  _memset_PARM_2                     _memset
D:   0000F27D  _memset_PARM_3                     _memset
D:   0000F27F  _memcpy_PARM_2                     _memcpy
D:   0000F282  _memcpy_PARM_3                     _memcpy
D:   0000F287  __gptrput_PARM_2                   _gptrput
D:   0000F288  __moduint_PARM_2                   _moduint
ASxxxx Linker V03.00 + NoICE + sdld,  page 18.
Hexadecimal  [32-Bits]

Area                                    Addr        Size        Decimal Bytes (Attributes)
--------------------------------        ----        ----        ------- ----- ------------
XISEG                               0000F28D    00000001 =           1. bytes (REL,CON,XDATA)

      Value  Global                              Global Defined In Module
      -----  --------------------------------   ------------------------
ASxxxx Linker V03.00 + NoICE + sdld,  page 19.
Hexadecimal  [32-Bits]

Area                                    Addr        Size        Decimal Bytes (Attributes)
--------------------------------        ----        ----        ------- ----- ------------
HOME                                00000000    000000B7 =         183. bytes (REL,CON,CODE)

      Value  Global                              Global Defined In Module
      -----  --------------------------------   ------------------------
C:   00000086  __sdcc_program_startup             main
C:   00000089  ___gptr_cmp                        

ASxxxx Linker V03.00 + NoICE + sdld,  page 20.
Hexadecimal  [32-Bits]

Area                                    Addr        Size        Decimal Bytes (Attributes)
--------------------------------        ----        ----        ------- ----- ------------
GSINIT0                             000000B7    00000003 =           3. bytes (REL,CON,CODE)

      Value  Global                              Global Defined In Module
      -----  --------------------------------   ------------------------
C:   000000B7  __sdcc_gsinit_startup              

ASxxxx Linker V03.00 + NoICE + sdld,  page 21.
Hexadecimal  [32-Bits]

Area                                    Addr        Size        Decimal Bytes (Attributes)
--------------------------------        ----        ----        ------- ----- ------------
GSINIT2                             000000BA    0000000A =          10. bytes (REL,CON,CODE)

      Value  Global                              Global Defined In Module
      -----  --------------------------------   ------------------------
ASxxxx Linker V03.00 + NoICE + sdld,  page 22.
Hexadecimal  [32-Bits]

Area                                    Addr        Size        Decimal Bytes (Attributes)
--------------------------------        ----        ----        ------- ----- ------------
GSINIT3                             000000C4    00000022 =          34. bytes (REL,CON,CODE)

      Value  Global                              Global Defined In Module
      -----  --------------------------------   ------------------------
C:   000000C4  __mcs51_genXINIT                   

ASxxxx Linker V03.00 + NoICE + sdld,  page 23.
Hexadecimal  [32-Bits]

Area                                    Addr        Size        Decimal Bytes (Attributes)
--------------------------------        ----        ----        ------- ----- ------------
GSINIT4                             000000E6    0000002A =          42. bytes (REL,CON,CODE)

      Value  Global                              Global Defined In Module
      -----  --------------------------------   ------------------------
C:   000000E6  __mcs51_genRAMCLEAR                
C:   000000EC  __mcs51_genXRAMCLEAR               

ASxxxx Linker V03.00 + NoICE + sdld,  page 24.
Hexadecimal  [32-Bits]

Area                                    Addr        Size        Decimal Bytes (Attributes)
--------------------------------        ----        ----        ------- ----- ------------
GSFINAL                             00000110    00000003 =           3. bytes (REL,CON,CODE)

      Value  Global                              Global Defined In Module
      -----  --------------------------------   ------------------------
ASxxxx Linker V03.00 + NoICE + sdld,  page 25.
Hexadecimal  [32-Bits]

Area                                    Addr        Size        Decimal Bytes (Attributes)
--------------------------------        ----        ----        ------- ----- ------------
CSEG                                00000113    00001EC3 =        7875. bytes (REL,CON,CODE)

      Value  Global                              Global Defined In Module
      -----  --------------------------------   ------------------------
C:   00000113  _main                              main
C:   00000298  _peekcall                          main
C:   000002F6  _nextcall                          main
C:   0000034F  _reply                             main
C:   000003A7  _sleep                             main
C:   000003E2  _rfinit                            rf
C:   000004BF  _rfidle                            rf
C:   000004D0  _rfrx                              rf
C:   000004E7  _rftxpreamble                      rf
C:   000004F6  _rftx                              rf
C:   00000552  _rfwakeup                          rf
C:   000005B6  _rftxrxintr                        rf
C:   000006E0  _rfrfintr                          rf
C:   0000080E  _timerinit                         timer
C:   00000819  _alarm                             timer
C:   000008EF  _t1intr                            timer
C:   0000099C  _call                              call
C:   00000B69  _callrx                            callrx
C:   00000D17  _calltx                            calltx
C:   00000EB1  _calltxrx                          calltxrx
C:   0000114B  _callping                          callping
C:   00001187  _stuff                             cobs
C:   00001291  _unstuff                           cobs
C:   00001315  _abort                             u
C:   0000131F  _convM2R                           conv
C:   0000169B  _convR2M                           conv
C:   00001A5F  _srvinit                           uartsrv
C:   00001A91  _srvrx                             uartsrv
C:   00001AA6  _srvrxlower                        uartsrv
C:   00001AA7  _urx0intr                          uartsrv
C:   00001B36  _srvtx                             uartsrv
C:   00001B4F  _utx0intr                          uartsrv
C:   00001BA0  _printinit                         noprint
C:   00001BA1  _putchar                           noprint
C:   00001BA2  _panic                             noprint
C:   00001BAD  ___fsmul                           _fsmul
C:   00001C50  fsgetargs                          _fsget2args
C:   00001C7E  fs_normalize_a                     _fsnormalize
C:   00001CB1  _memset                            _memset
C:   00001CD9  _memcpy                            _memcpy
C:   00001D4D  ___ulong2fs                        _ulong2fs
C:   00001D56  ulong2fs_doit                      _ulong2fs
C:   00001D60  ___fs2ulong                        _fs2ulong
C:   00001D62  fs2ulong_begin                     _fs2ulong
C:   00001D87  fsgetarg                           _fsget1arg
C:   00001D99  __gptrput                          _gptrput
C:   00001DB4  __moduint                          _moduint
C:   00001E61  fs_round_and_return                _fsreturnval
C:   00001E79  fs_zerocheck_return                _fsreturnval
C:   00001E82  fs_return_zero                     _fsreturnval
ASxxxx Linker V03.00 + NoICE + sdld,  page 26.
Hexadecimal  [32-Bits]

Area                                    Addr        Size        Decimal Bytes (Attributes)
--------------------------------        ----        ----        ------- ----- ------------
CSEG                                00000113    00001EC3 =        7875. bytes (REL,CON,CODE)

      Value  Global                              Global Defined In Module
      -----  --------------------------------   ------------------------
C:   00001E8A  fs_direct_return                   _fsreturnval
C:   00001E98  fs_return_inf                      _fsreturnval
C:   00001EA5  fs_return_nan                      _fsreturnval
C:   00001EB0  ___fsdiv                           _fsdiv
C:   00001F73  __gptrget                          _gptrget
C:   00001F8F  fs_rshift_a                        _fsrshift
C:   00001FD2  __sdcc_external_startup            _startup
ASxxxx Linker V03.00 + NoICE + sdld,  page 27.
Hexadecimal  [32-Bits]

Area                                    Addr        Size        Decimal Bytes (Attributes)
--------------------------------        ----        ----        ------- ----- ------------
CONST                               00001FD6    00000081 =         129. bytes (REL,CON,CODE)

      Value  Global                              Global Defined In Module
      -----  --------------------------------   ------------------------
ASxxxx Linker V03.00 + NoICE + sdld,  page 28.
Hexadecimal  [32-Bits]

Area                                    Addr        Size        Decimal Bytes (Attributes)
--------------------------------        ----        ----        ------- ----- ------------
XINIT                               00002057    00000001 =           1. bytes (REL,CON,CODE)

      Value  Global                              Global Defined In Module
      -----  --------------------------------   ------------------------
ASxxxx Linker V03.00 + NoICE + sdld,  page 29.

Files Linked                              [ module(s) ]

pkg/ERF/main.rel                          [  ]
pkg/ERF/rf.rel                            [  ]
pkg/ERF/timer.rel                         [  ]
pkg/ERF/call.rel                          [  ]
pkg/ERF/callrx.rel                        [  ]
pkg/ERF/calltx.rel                        [  ]
pkg/ERF/calltxrx.rel                      [  ]
pkg/ERF/callping.rel                      [  ]
pkg/ERF/cobs.rel                          [  ]
pkg/ERF/u.rel                             [  ]
pkg/ERF/conv.rel                          [  ]
pkg/ERF/uartsrv.rel                       [  ]
pkg/ERF/noprint.rel                       [  ]


Libraries Linked                          [ object file ]

/usr/local/bin/../share/sdcc/lib/large/libfloat.lib
                                          [ _fsmul.rel ]
/usr/local/bin/../share/sdcc/lib/large/libfloat.lib
                                          [ _fsget2args.rel ]
/usr/local/bin/../share/sdcc/lib/large/mcs51.lib
                                          [ crtclear.rel ]
/usr/local/bin/../share/sdcc/lib/large/libfloat.lib
                                          [ _fsnormalize.rel ]
/usr/local/bin/../share/sdcc/lib/large/libsdcc.lib
                                          [ _memset.rel ]
/usr/local/bin/../share/sdcc/lib/large/libsdcc.lib
                                          [ _memcpy.rel ]
/usr/local/bin/../share/sdcc/lib/large/mcs51.lib
                                          [ crtxinit.rel ]
/usr/local/bin/../share/sdcc/lib/large/libfloat.lib
                                          [ _ulong2fs.rel ]
/usr/local/bin/../share/sdcc/lib/large/libfloat.lib
                                          [ _fs2ulong.rel ]
/usr/local/bin/../share/sdcc/lib/large/libfloat.lib
                                          [ _fsget1arg.rel ]
/usr/local/bin/../share/sdcc/lib/large/libsdcc.lib
                                          [ _gptrput.rel ]
/usr/local/bin/../share/sdcc/lib/large/libint.lib
                                          [ _moduint.rel ]
/usr/local/bin/../share/sdcc/lib/large/mcs51.lib
                                          [ crtxclear.rel ]
/usr/local/bin/../share/sdcc/lib/large/libfloat.lib
                                          [ _fsreturnval.rel ]
/usr/local/bin/../share/sdcc/lib/large/libsdcc.lib
                                          [ _bp.rel ]
/usr/local/bin/../share/sdcc/lib/large/mcs51.lib
                                          [ gptr_cmp.rel ]
/usr/local/bin/../share/sdcc/lib/large/libfloat.lib
                                          [ _fsdiv.rel ]
/usr/local/bin/../share/sdcc/lib/large/mcs51.lib
                                          [ crtstart.rel ]
/usr/local/bin/../share/sdcc/lib/large/libsdcc.lib
                                          [ _gptrget.rel ]
/usr/local/bin/../share/sdcc/lib/large/libfloat.lib
                                          [ _fsrshift.rel ]
/usr/local/bin/../share/sdcc/lib/large/libsdcc.lib
                                          [ _startup.rel ]

ASxxxx Linker V03.00 + NoICE + sdld,  page 30.

User Base Address Definitions

HOME = 0x0000
XSEG = 0xf000
PSEG = 0xf000
ISEG = 0x0000
BSEG = 0x0000

